
He clonado la prueba 3 y he hecho un pull, seguido de un commit y un push.


Juanma@DESKTOP-GIIIDH8 MINGW64 ~/Desktop/CarpetaInstituto
$ git clone https://github.com/juan97perez/prueba3.git
Cloning into 'prueba3'...
remote: Enumerating objects: 3, done.
remote: Counting objects: 100% (3/3), done.
remote: Total 3 (delta 0), reused 3 (delta 0), pack-reused 0
Receiving objects: 100% (3/3), done.






Juanma@DESKTOP-GIIIDH8 MINGW64 ~/Desktop/CarpetaInstituto/prueba3 (master)
$ git init
Reinitialized existing Git repository in C:/Users/Juanma/Desktop/CarpetaInstituto/prueba3/.git/

Juanma@DESKTOP-GIIIDH8 MINGW64 ~/Desktop/CarpetaInstituto/prueba3 (master)
$ git status
On branch master
Your branch is up to date with 'origin/master'.

Changes not staged for commit:
  (use "git add/rm <file>..." to update what will be committed)
  (use "git restore <file>..." to discard changes in working directory)
        deleted:    practica3.txt

Untracked files:
  (use "git add <file>..." to include in what will be committed)
        CarpetaInstituto.txt

no changes added to commit (use "git add" and/or "git commit -a")

Juanma@DESKTOP-GIIIDH8 MINGW64 ~/Desktop/CarpetaInstituto/prueba3 (master)
$ git add *

Juanma@DESKTOP-GIIIDH8 MINGW64 ~/Desktop/CarpetaInstituto/prueba3 (master)
$ git status
On branch master
Your branch is up to date with 'origin/master'.

Changes to be committed:
  (use "git restore --staged <file>..." to unstage)
        new file:   CarpetaInstituto.txt

Changes not staged for commit:
  (use "git add/rm <file>..." to update what will be committed)
  (use "git restore <file>..." to discard changes in working directory)
        deleted:    practica3.txt


Juanma@DESKTOP-GIIIDH8 MINGW64 ~/Desktop/CarpetaInstituto/prueba3 (master)
$ git pull
remote: Enumerating objects: 8, done.
remote: Counting objects: 100% (8/8), done.
remote: Compressing objects: 100% (4/4), done.
remote: Total 6 (delta 0), reused 3 (delta 0), pack-reused 0
Unpacking objects: 100% (6/6), 1.66 KiB | 94.00 KiB/s, done.
From https://github.com/juan97perez/prueba3
   2594209..ff3313f  master     -> origin/master
Updating 2594209..ff3313f
Fast-forward
 README.md     | 79 +++++++++++++++++++++++++++++++++++++++++++++++++++++++++++
 practica3.txt |  2 +-
 2 files changed, 80 insertions(+), 1 deletion(-)
 create mode 100644 README.md

Juanma@DESKTOP-GIIIDH8 MINGW64 ~/Desktop/CarpetaInstituto/prueba3 (master)
$ git status
On branch master
Your branch is up to date with 'origin/master'.

Changes to be committed:
  (use "git restore --staged <file>..." to unstage)
        new file:   CarpetaInstituto.txt

Changes not staged for commit:
  (use "git add <file>..." to update what will be committed)
  (use "git restore <file>..." to discard changes in working directory)
        modified:   practica3.txt


Juanma@DESKTOP-GIIIDH8 MINGW64 ~/Desktop/CarpetaInstituto/prueba3 (master)
$ git add *

Juanma@DESKTOP-GIIIDH8 MINGW64 ~/Desktop/CarpetaInstituto/prueba3 (master)
$ git status
On branch master
Your branch is up to date with 'origin/master'.

Changes to be committed:
  (use "git restore --staged <file>..." to unstage)
        new file:   CarpetaInstituto.txt
        modified:   practica3.txt


Juanma@DESKTOP-GIIIDH8 MINGW64 ~/Desktop/CarpetaInstituto/prueba3 (master)
$ git commit -m"carpetainstituto"
[master b38f123] carpetainstituto
 2 files changed, 2 insertions(+), 1 deletion(-)
 create mode 100644 CarpetaInstituto.txt

Juanma@DESKTOP-GIIIDH8 MINGW64 ~/Desktop/CarpetaInstituto/prueba3 (master)
$ git push https://github.com/juan97perez/prueba3 master
Enumerating objects: 6, done.
Counting objects: 100% (6/6), done.
Delta compression using up to 4 threads
Compressing objects: 100% (2/2), done.
Writing objects: 100% (4/4), 379 bytes | 379.00 KiB/s, done.
Total 4 (delta 0), reused 1 (delta 0), pack-reused 0
To https://github.com/juan97perez/prueba3
   ff3313f..b38f123  master -> master

Juanma@DESKTOP-GIIIDH8 MINGW64 ~/Desktop/CarpetaInstituto/prueba3 (master)
$
